// Jest Snapshot v1, https://goo.gl/fbAQLP

exports[`renders the details for a Bugzilla component 1`] = `
<div
  className="DetailView-root-6"
>
  <div>
    <a
      href="/"
      onClick={[Function]}
      rel="noopener noreferrer"
    >
      <svg
        aria-hidden="true"
        className="MuiSvgIcon-root-8"
        focusable="false"
        role="presentation"
        viewBox="0 0 24 24"
      >
        <path
          d="M0 0h24v24H0z"
          fill="none"
        />
        <path
          d="M20 11H7.83l5.59-5.59L12 4l-8 8 8 8 1.41-1.41L7.83 13H20v-2z"
        />
      </svg>
    </a>
  </div>
  <div>
    <h2
      className="DetailView-title-7"
    >
      Core::DOM: IndexedDB
    </h2>
    <div>
      <h4
        className="BugzillaComponentDetails-subtitle-1"
      >
        someone@mozilla.com
      </h4>
      <div
        style={
          Object {
            "lineHeight": "8rem",
            "textAlign": "center",
            "width": "8rem",
          }
        }
      >
        <div
          className="MuiCircularProgress-root-18 MuiCircularProgress-colorPrimary-21 MuiCircularProgress-indeterminate-20"
          role="progressbar"
          style={
            Object {
              "height": 40,
              "width": 40,
            }
          }
        >
          <svg
            className="MuiCircularProgress-svg-23"
            viewBox="22 22 44 44"
          >
            <circle
              className="MuiCircularProgress-circle-24 MuiCircularProgress-circleIndeterminate-26"
              cx={44}
              cy={44}
              fill="none"
              r={20.2}
              strokeWidth={3.6}
              style={Object {}}
            />
          </svg>
        </div>
      </div>
    </div>
  </div>
</div>
`;
